
============================================================
📥 爬取: Java (tagId=570), 目标 10000 题
============================================================
  📂 已有 15 题，继续补充到 10000
  试卷 #1: paperId=67856469, testId=97743526
  试卷 #1: 本轮 5 题，新增 5 题，累计 20 题
  试卷 #2: paperId=67856471, testId=97743529
  试卷 #2: 本轮 5 题，新增 5 题，累计 25 题
  试卷 #3: paperId=67856472, testId=97743532
  试卷 #3: 本轮 5 题，新增 5 题，累计 30 题
  试卷 #4: paperId=67856474, testId=97743535
  试卷 #4: 本轮 5 题，新增 4 题，累计 34 题
  试卷 #5: paperId=67856476, testId=97743538
  试卷 #5: 本轮 5 题，新增 5 题，累计 39 题
  试卷 #6: paperId=67856478, testId=97743542
  试卷 #6: 本轮 5 题，新增 5 题，累计 44 题
  试卷 #7: paperId=67856479, testId=97743544
  试卷 #7: 本轮 5 题，新增 4 题，累计 48 题
  试卷 #8: paperId=67856484, testId=97743551
  试卷 #8: 本轮 5 题，新增 5 题，累计 53 题
  试卷 #9: paperId=67856486, testId=97743555
  试卷 #9: 本轮 5 题，新增 3 题，累计 56 题
  试卷 #10: paperId=67856487, testId=97743557
  试卷 #10: 本轮 5 题，新增 4 题，累计 60 题
  试卷 #11: paperId=67856490, testId=97743561
  试卷 #11: 本轮 5 题，新增 5 题，累计 65 题
  试卷 #12: paperId=67856492, testId=97743564
  试卷 #12: 本轮 5 题，新增 5 题，累计 70 题
  试卷 #13: paperId=67856494, testId=97743567
  试卷 #13: 本轮 5 题，新增 5 题，累计 75 题
  试卷 #14: paperId=67856496, testId=97743570
  试卷 #14: 本轮 5 题，新增 5 题，累计 80 题
  试卷 #15: paperId=67856498, testId=97743573
  试卷 #15: 本轮 5 题，新增 5 题，累计 85 题
  试卷 #16: paperId=67856499, testId=97743575
  试卷 #16: 本轮 5 题，新增 5 题，累计 90 题
  试卷 #17: paperId=67856500, testId=97743578
  试卷 #17: 本轮 5 题，新增 5 题，累计 95 题
  试卷 #18: paperId=67856501, testId=97743580
  试卷 #18: 本轮 5 题，新增 5 题，累计 100 题
  试卷 #19: paperId=67856503, testId=97743583
  试卷 #19: 本轮 5 题，新增 4 题，累计 104 题
  试卷 #20: paperId=67856504, testId=97743587
  试卷 #20: 本轮 5 题，新增 5 题，累计 109 题
  试卷 #21: paperId=67856507, testId=97743591
  试卷 #21: 本轮 5 题，新增 4 题，累计 113 题
  试卷 #22: paperId=67856510, testId=97743595
  试卷 #22: 本轮 5 题，新增 4 题，累计 117 题
  试卷 #23: paperId=67856511, testId=97743597
  试卷 #23: 本轮 5 题，新增 5 题，累计 122 题
  试卷 #24: paperId=67856513, testId=97743600
  试卷 #24: 本轮 5 题，新增 5 题，累计 127 题
  试卷 #25: paperId=67856515, testId=97743603
  试卷 #25: 本轮 5 题，新增 4 题，累计 131 题
  试卷 #26: paperId=67856517, testId=97743606
  试卷 #26: 本轮 5 题，新增 5 题，累计 136 题
  试卷 #27: paperId=67856519, testId=97743610
  试卷 #27: 本轮 5 题，新增 4 题，累计 140 题
  试卷 #28: paperId=67856521, testId=97743614
  试卷 #28: 本轮 5 题，新增 4 题，累计 144 题
  试卷 #29: paperId=67856523, testId=97743618
  试卷 #29: 本轮 5 题，新增 5 题，累计 149 题
  试卷 #30: paperId=67856526, testId=97743623
  试卷 #30: 本轮 5 题，新增 4 题，累计 153 题
  试卷 #31: paperId=67856528, testId=97743627
  试卷 #31: 本轮 5 题，新增 5 题，累计 158 题
  试卷 #32: paperId=67856532, testId=97743633
  试卷 #32: 本轮 5 题，新增 5 题，累计 163 题
  试卷 #33: paperId=67856533, testId=97743636
  试卷 #33: 本轮 5 题，新增 5 题，累计 168 题
  试卷 #34: paperId=67856534, testId=97743638
  试卷 #34: 本轮 5 题，新增 5 题，累计 173 题
  试卷 #35: paperId=67856536, testId=97743642
  试卷 #35: 本轮 5 题，新增 5 题，累计 178 题
  试卷 #36: paperId=67856537, testId=97743644
  试卷 #36: 本轮 5 题，新增 5 题，累计 183 题
  试卷 #37: paperId=67856538, testId=97743647
  试卷 #37: 本轮 5 题，新增 5 题，累计 188 题
  试卷 #38: paperId=67856540, testId=97743650
  试卷 #38: 本轮 5 题，新增 5 题，累计 193 题
  试卷 #39: paperId=67856544, testId=97743655
  试卷 #39: 本轮 5 题，新增 5 题，累计 198 题
  试卷 #40: paperId=67856545, testId=97743657
  试卷 #40: 本轮 5 题，新增 5 题，累计 203 题
  试卷 #41: paperId=67856547, testId=97743662
  试卷 #41: 本轮 5 题，新增 5 题，累计 208 题
  试卷 #42: paperId=67856548, testId=97743664
  试卷 #42: 本轮 5 题，新增 5 题，累计 213 题
  试卷 #43: paperId=67856551, testId=97743669
  试卷 #43: 本轮 5 题，新增 5 题，累计 218 题
  试卷 #44: paperId=67856552, testId=97743671
  试卷 #44: 本轮 5 题，新增 5 题，累计 223 题
  试卷 #45: paperId=67856553, testId=97743673
  试卷 #45: 本轮 5 题，新增 3 题，累计 226 题
  试卷 #46: paperId=67856555, testId=97743676
  试卷 #46: 本轮 5 题，新增 5 题，累计 231 题
  试卷 #47: paperId=67856556, testId=97743678
  试卷 #47: 本轮 5 题，新增 5 题，累计 236 题
  试卷 #48: paperId=67856558, testId=97743682
  试卷 #48: 本轮 5 题，新增 4 题，累计 240 题
  试卷 #49: paperId=67856561, testId=97743688
  试卷 #49: 本轮 5 题，新增 4 题，累计 244 题
  试卷 #50: paperId=67856562, testId=97743690
  试卷 #50: 本轮 5 题，新增 5 题，累计 249 题
  试卷 #51: paperId=67856564, testId=97743694
  试卷 #51: 本轮 5 题，新增 4 题，累计 253 题
  试卷 #52: paperId=67856567, testId=97743698
  试卷 #52: 本轮 5 题，新增 5 题，累计 258 题
  试卷 #53: paperId=67856571, testId=97743703
  试卷 #53: 本轮 5 题，新增 5 题，累计 263 题
  试卷 #54: paperId=67856574, testId=97743707
  试卷 #54: 本轮 5 题，新增 5 题，累计 268 题
  试卷 #55: paperId=67856575, testId=97743709
  试卷 #55: 本轮 5 题，新增 4 题，累计 272 题
  试卷 #56: paperId=67856577, testId=97743712
  试卷 #56: 本轮 5 题，新增 4 题，累计 276 题
  试卷 #57: paperId=67856579, testId=97743715
  试卷 #57: 本轮 5 题，新增 5 题，累计 281 题
  试卷 #58: paperId=67856580, testId=97743717
  试卷 #58: 本轮 5 题，新增 5 题，累计 286 题
  试卷 #59: paperId=67856582, testId=97743720
  试卷 #59: 本轮 5 题，新增 5 题，累计 291 题
  试卷 #60: paperId=67856585, testId=97743724
  试卷 #60: 本轮 5 题，新增 5 题，累计 296 题
  试卷 #61: paperId=67856586, testId=97743727
  试卷 #61: 本轮 5 题，新增 4 题，累计 300 题
  试卷 #62: paperId=67856587, testId=97743729
  试卷 #62: 本轮 5 题，新增 5 题，累计 305 题
  试卷 #63: paperId=67856588, testId=97743731
  试卷 #63: 本轮 5 题，新增 5 题，累计 310 题
  试卷 #64: paperId=67856589, testId=97743734
  试卷 #64: 本轮 5 题，新增 5 题，累计 315 题
  试卷 #65: paperId=67856591, testId=97743737
  试卷 #65: 本轮 5 题，新增 5 题，累计 320 题
  试卷 #66: paperId=67856593, testId=97743740
  试卷 #66: 本轮 5 题，新增 5 题，累计 325 题
  试卷 #67: paperId=67856595, testId=97743745
  试卷 #67: 本轮 5 题，新增 4 题，累计 329 题
  试卷 #68: paperId=67856598, testId=97743749
  试卷 #68: 本轮 5 题，新增 5 题，累计 334 题
  试卷 #69: paperId=67856600, testId=97743752
  试卷 #69: 本轮 5 题，新增 5 题，累计 339 题
  试卷 #70: paperId=67856604, testId=97743757
  试卷 #70: 本轮 5 题，新增 5 题，累计 344 题
  试卷 #71: paperId=67856607, testId=97743762
  试卷 #71: 本轮 5 题，新增 5 题，累计 349 题
  试卷 #72: paperId=67856608, testId=97743765
  试卷 #72: 本轮 5 题，新增 5 题，累计 354 题
  试卷 #73: paperId=67856609, testId=97743767
  试卷 #73: 本轮 5 题，新增 5 题，累计 359 题
  试卷 #74: paperId=67856610, testId=97743769
  试卷 #74: 本轮 5 题，新增 5 题，累计 364 题
  试卷 #75: paperId=67856612, testId=97743773
  试卷 #75: 本轮 5 题，新增 5 题，累计 369 题
  试卷 #76: paperId=67856617, testId=97743779
  试卷 #76: 本轮 5 题，新增 5 题，累计 374 题
  试卷 #77: paperId=67856620, testId=97743784
  试卷 #77: 本轮 5 题，新增 5 题，累计 379 题
  试卷 #78: paperId=67856621, testId=97743786
  试卷 #78: 本轮 5 题，新增 5 题，累计 384 题
  试卷 #79: paperId=67856623, testId=97743789
  试卷 #79: 本轮 5 题，新增 5 题，累计 389 题
  试卷 #80: paperId=67856626, testId=97743793
  试卷 #80: 本轮 5 题，新增 4 题，累计 393 题
  试卷 #81: paperId=67856627, testId=97743796
  试卷 #81: 本轮 5 题，新增 5 题，累计 398 题
  试卷 #82: paperId=67856629, testId=97743799
  试卷 #82: 本轮 1 题，新增 1 题，累计 399 题
  ❌ 创建试卷失败: {'success': False, 'code': 503020005, 'msg': '题目数量为0，无法智能组卷', 'data': None}
  试卷 #83: 本轮 0 题，新增 0 题，累计 399 题
  ❌ 创建试卷失败: {'success': False, 'code': 503020005, 'msg': '题目数量为0，无法智能组卷', 'data': None}
  试卷 #84: 本轮 0 题，新增 0 题，累计 399 题
  ❌ 创建试卷失败: {'success': False, 'code': 503020005, 'msg': '题目数量为0，无法智能组卷', 'data': None}
  试卷 #85: 本轮 0 题，新增 0 题，累计 399 题
  ❌ 创建试卷失败: {'success': False, 'code': 503020005, 'msg': '题目数量为0，无法智能组卷', 'data': None}
  试卷 #86: 本轮 0 题，新增 0 题，累计 399 题
  ❌ 创建试卷失败: {'success': False, 'code': 503020005, 'msg': '题目数量为0，无法智能组卷', 'data': None}
  试卷 #87: 本轮 0 题，新增 0 题，累计 399 题
  ❌ 创建试卷失败: {'success': False, 'code': 503020005, 'msg': '题目数量为0，无法智能组卷', 'data': None}
  试卷 #88: 本轮 0 题，新增 0 题，累计 399 题
  ❌ 创建试卷失败: {'success': False, 'code': 503020005, 'msg': '题目数量为0，无法智能组卷', 'data': None}
  试卷 #89: 本轮 0 题，新增 0 题，累计 399 题
  ❌ 创建试卷失败: {'success': False, 'code': 503020005, 'msg': '题目数量为0，无法智能组卷', 'data': None}
  试卷 #90: 本轮 0 题，新增 0 题，累计 399 题
  ⚠️ 连续 8 轮无新题，题库可能已耗尽，停止

✅ Java: 共 399 题（去重后）
💾 保存: D:\Workspace\Project\cs-interview\nowcoder_data\570_Java.json

============================================================
📥 爬取: Spring (tagId=3935), 目标 10000 题
============================================================
  📂 已有 5 题，继续补充到 10000
  试卷 #1: paperId=67856635, testId=97743806
  试卷 #1: 本轮 5 题，新增 5 题，累计 10 题
  试卷 #2: paperId=67856636, testId=97743808
  试卷 #2: 本轮 5 题，新增 4 题，累计 14 题
  试卷 #3: paperId=67856640, testId=97743813
  试卷 #3: 本轮 5 题，新增 5 题，累计 19 题
  试卷 #4: paperId=67856642, testId=97743816
  试卷 #4: 本轮 5 题，新增 5 题，累计 24 题
  试卷 #5: paperId=67856643, testId=97743818
  试卷 #5: 本轮 5 题，新增 5 题，累计 29 题
  试卷 #6: paperId=67856650, testId=97743826
  试卷 #6: 本轮 5 题，新增 5 题，累计 34 题
  试卷 #7: paperId=67856652, testId=97743829
  试卷 #7: 本轮 5 题，新增 4 题，累计 38 题
  试卷 #8: paperId=67856653, testId=97743831
  试卷 #8: 本轮 5 题，新增 3 题，累计 41 题
  试卷 #9: paperId=67856655, testId=97743834
  试卷 #9: 本轮 5 题，新增 5 题，累计 46 题
  试卷 #10: paperId=67856659, testId=97743839
  试卷 #10: 本轮 5 题，新增 4 题，累计 50 题
  试卷 #11: paperId=67856662, testId=97743843
  试卷 #11: 本轮 5 题，新增 5 题，累计 55 题
  试卷 #12: paperId=67856664, testId=97743847
  试卷 #12: 本轮 5 题，新增 4 题，累计 59 题
  试卷 #13: paperId=67856665, testId=97743849
  试卷 #13: 本轮 5 题，新增 5 题，累计 64 题
  试卷 #14: paperId=67856667, testId=97743852
  试卷 #14: 本轮 5 题，新增 4 题，累计 68 题
  试卷 #15: paperId=67856669, testId=97743856
  试卷 #15: 本轮 5 题，新增 4 题，累计 72 题
  试卷 #16: paperId=67856670, testId=97743858
  试卷 #16: 本轮 5 题，新增 5 题，累计 77 题
  试卷 #17: paperId=67856672, testId=97743861
  试卷 #17: 本轮 5 题，新增 5 题，累计 82 题
  试卷 #18: paperId=67856673, testId=97743863
  试卷 #18: 本轮 5 题，新增 3 题，累计 85 题
  试卷 #19: paperId=67856675, testId=97743867
  试卷 #19: 本轮 5 题，新增 5 题，累计 90 题
  试卷 #20: paperId=67856678, testId=97743871
  试卷 #20: 本轮 5 题，新增 5 题，累计 95 题
  试卷 #21: paperId=67856679, testId=97743873
  试卷 #21: 本轮 5 题，新增 4 题，累计 99 题
  试卷 #22: paperId=67856682, testId=97743876
  试卷 #22: 本轮 5 题，新增 4 题，累计 103 题
  试卷 #23: paperId=67856685, testId=97743883
  试卷 #23: 本轮 5 题，新增 4 题，累计 107 题
  试卷 #24: paperId=67856686, testId=97743885
  试卷 #24: 本轮 5 题，新增 5 题，累计 112 题
  试卷 #25: paperId=67856688, testId=97743889
  试卷 #25: 本轮 5 题，新增 4 题，累计 116 题
  试卷 #26: paperId=67856690, testId=97743893
  试卷 #26: 本轮 5 题，新增 5 题，累计 121 题
  试卷 #27: paperId=67856691, testId=97743895
  试卷 #27: 本轮 5 题，新增 4 题，累计 125 题
  试卷 #28: paperId=67856695, testId=97743900
  试卷 #28: 本轮 5 题，新增 5 题，累计 130 题
  试卷 #29: paperId=67856697, testId=97743904
  试卷 #29: 本轮 5 题，新增 4 题，累计 134 题
  试卷 #30: paperId=67856700, testId=97743908
  试卷 #30: 本轮 5 题，新增 4 题，累计 138 题
  试卷 #31: paperId=67856701, testId=97743910
  试卷 #31: 本轮 5 题，新增 5 题，累计 143 题
  试卷 #32: paperId=67856705, testId=97743915
  试卷 #32: 本轮 5 题，新增 5 题，累计 148 题
  试卷 #33: paperId=67856707, testId=97743918
  试卷 #33: 本轮 5 题，新增 4 题，累计 152 题
  试卷 #34: paperId=67856710, testId=97743922
  试卷 #34: 本轮 5 题，新增 5 题，累计 157 题
  试卷 #35: paperId=67856713, testId=97743926
  试卷 #35: 本轮 5 题，新增 5 题，累计 162 题
  试卷 #36: paperId=67856715, testId=97743929
  试卷 #36: 本轮 5 题，新增 4 题，累计 166 题
  试卷 #37: paperId=67856717, testId=97743932
  试卷 #37: 本轮 5 题，新增 5 题，累计 171 题
  试卷 #38: paperId=67856719, testId=97743935
  试卷 #38: 本轮 5 题，新增 5 题，累计 176 题
  试卷 #39: paperId=67856721, testId=97743938
  试卷 #39: 本轮 5 题，新增 5 题，累计 181 题
  试卷 #40: paperId=67856724, testId=97743942
  试卷 #40: 本轮 5 题，新增 4 题，累计 185 题
  试卷 #41: paperId=67856728, testId=97743947
  试卷 #41: 本轮 5 题，新增 2 题，累计 187 题
  试卷 #42: paperId=67856729, testId=97743949
  试卷 #42: 本轮 5 题，新增 5 题，累计 192 题
  试卷 #43: paperId=67856730, testId=97743951
  试卷 #43: 本轮 5 题，新增 3 题，累计 195 题
  试卷 #44: paperId=67856733, testId=97743955
  试卷 #44: 本轮 5 题，新增 5 题，累计 200 题
  试卷 #45: paperId=67856735, testId=97743958
  试卷 #45: 本轮 5 题，新增 3 题，累计 203 题
  试卷 #46: paperId=67856738, testId=97743962
  试卷 #46: 本轮 5 题，新增 4 题，累计 207 题
  试卷 #47: paperId=67856739, testId=97743965
  试卷 #47: 本轮 5 题，新增 4 题，累计 211 题
  试卷 #48: paperId=67856741, testId=97743969
  试卷 #48: 本轮 1 题，新增 1 题，累计 212 题
  ❌ 创建试卷失败: {'success': False, 'code': 503020005, 'msg': '题目数量为0，无法智能组卷', 'data': None}
  试卷 #49: 本轮 0 题，新增 0 题，累计 212 题
  ❌ 创建试卷失败: {'success': False, 'code': 503020005, 'msg': '题目数量为0，无法智能组卷', 'data': None}
  试卷 #50: 本轮 0 题，新增 0 题，累计 212 题
  ❌ 创建试卷失败: {'success': False, 'code': 503020005, 'msg': '题目数量为0，无法智能组卷', 'data': None}
  试卷 #51: 本轮 0 题，新增 0 题，累计 212 题
  ❌ 创建试卷失败: {'success': False, 'code': 503020005, 'msg': '题目数量为0，无法智能组卷', 'data': None}
  试卷 #52: 本轮 0 题，新增 0 题，累计 212 题
  ❌ 创建试卷失败: {'success': False, 'code': 503020005, 'msg': '题目数量为0，无法智能组卷', 'data': None}
  试卷 #53: 本轮 0 题，新增 0 题，累计 212 题
  ❌ 创建试卷失败: {'success': False, 'code': 503020005, 'msg': '题目数量为0，无法智能组卷', 'data': None}
  试卷 #54: 本轮 0 题，新增 0 题，累计 212 题
  ❌ 创建试卷失败: {'success': False, 'code': 503020005, 'msg': '题目数量为0，无法智能组卷', 'data': None}
  试卷 #55: 本轮 0 题，新增 0 题，累计 212 题
  ❌ 创建试卷失败: {'success': False, 'code': 503020005, 'msg': '题目数量为0，无法智能组卷', 'data': None}
  试卷 #56: 本轮 0 题，新增 0 题，累计 212 题
  ⚠️ 连续 8 轮无新题，题库可能已耗尽，停止

✅ Spring: 共 212 题（去重后）
💾 保存: D:\Workspace\Project\cs-interview\nowcoder_data\3935_Spring.json

============================================================
📥 爬取: Redis (tagId=21048), 目标 10000 题
============================================================
  📂 已有 5 题，继续补充到 10000
  试卷 #1: paperId=67856744, testId=97743974
  试卷 #1: 本轮 5 题，新增 5 题，累计 10 题
  试卷 #2: paperId=67856747, testId=97743979
  试卷 #2: 本轮 5 题，新增 5 题，累计 15 题
  试卷 #3: paperId=67856748, testId=97743981
  试卷 #3: 本轮 5 题，新增 5 题，累计 20 题
  试卷 #4: paperId=67856749, testId=97743984
  试卷 #4: 本轮 5 题，新增 5 题，累计 25 题
  试卷 #5: paperId=67856752, testId=97743989
  试卷 #5: 本轮 5 题，新增 5 题，累计 30 题
  试卷 #6: paperId=67856754, testId=97743992
  试卷 #6: 本轮 5 题，新增 5 题，累计 35 题
  试卷 #7: paperId=67856756, testId=97743996
  试卷 #7: 本轮 5 题，新增 5 题，累计 40 题
  试卷 #8: paperId=67856758, testId=97743999
  试卷 #8: 本轮 5 题，新增 5 题，累计 45 题
  试卷 #9: paperId=67856761, testId=97744004
  试卷 #9: 本轮 5 题，新增 5 题，累计 50 题
  试卷 #10: paperId=67856764, testId=97744008
  试卷 #10: 本轮 5 题，新增 5 题，累计 55 题
  试卷 #11: paperId=67856765, testId=97744011
  试卷 #11: 本轮 5 题，新增 5 题，累计 60 题
  试卷 #12: paperId=67856766, testId=97744013
  试卷 #12: 本轮 5 题，新增 5 题，累计 65 题
  试卷 #13: paperId=67856767, testId=97744015
  试卷 #13: 本轮 5 题，新增 4 题，累计 69 题
  试卷 #14: paperId=67856768, testId=97744017
  试卷 #14: 本轮 5 题，新增 5 题，累计 74 题
  试卷 #15: paperId=67856770, testId=97744020
  试卷 #15: 本轮 5 题，新增 5 题，累计 79 题
  试卷 #16: paperId=67856772, testId=97744023
  试卷 #16: 本轮 5 题，新增 5 题，累计 84 题
  试卷 #17: paperId=67856775, testId=97744027
  试卷 #17: 本轮 5 题，新增 4 题，累计 88 题
  试卷 #18: paperId=67856776, testId=97744030
  试卷 #18: 本轮 5 题，新增 5 题，累计 93 题
  试卷 #19: paperId=67856777, testId=97744033
  试卷 #19: 本轮 5 题，新增 5 题，累计 98 题
  试卷 #20: paperId=67856781, testId=97744038
  试卷 #20: 本轮 5 题，新增 5 题，累计 103 题
  试卷 #21: paperId=67856784, testId=97744042
  试卷 #21: 本轮 5 题，新增 5 题，累计 108 题
  试卷 #22: paperId=67856786, testId=97744045
  试卷 #22: 本轮 5 题，新增 5 题，累计 113 题
  试卷 #23: paperId=67856789, testId=97744049
  试卷 #23: 本轮 5 题，新增 5 题，累计 118 题
  试卷 #24: paperId=67856791, testId=97744052
  试卷 #24: 本轮 5 题，新增 5 题，累计 123 题
  试卷 #25: paperId=67856794, testId=97744058
  试卷 #25: 本轮 5 题，新增 4 题，累计 127 题
  试卷 #26: paperId=67856795, testId=97744060
  试卷 #26: 本轮 5 题，新增 5 题，累计 132 题
  试卷 #27: paperId=67856797, testId=97744063
  试卷 #27: 本轮 5 题，新增 4 题，累计 136 题
  试卷 #28: paperId=67856798, testId=97744066
  试卷 #28: 本轮 5 题，新增 5 题，累计 141 题
  试卷 #29: paperId=67856800, testId=97744069
  试卷 #29: 本轮 5 题，新增 5 题，累计 146 题
  试卷 #30: paperId=67856801, testId=97744071
  试卷 #30: 本轮 5 题，新增 5 题，累计 151 题
  试卷 #31: paperId=67856803, testId=97744075
  试卷 #31: 本轮 5 题，新增 4 题，累计 155 题
  试卷 #32: paperId=67856805, testId=97744078
  试卷 #32: 本轮 5 题，新增 5 题，累计 160 题
  试卷 #33: paperId=67856806, testId=97744080
  试卷 #33: 本轮 5 题，新增 5 题，累计 165 题
  试卷 #34: paperId=67856807, testId=97744082
  试卷 #34: 本轮 5 题，新增 4 题，累计 169 题
  试卷 #35: paperId=67856809, testId=97744085
  试卷 #35: 本轮 5 题，新增 5 题，累计 174 题
  试卷 #36: paperId=67856811, testId=97744089
  试卷 #36: 本轮 5 题，新增 4 题，累计 178 题
  试卷 #37: paperId=67856813, testId=97744092
  试卷 #37: 本轮 5 题，新增 5 题，累计 183 题
  试卷 #38: paperId=67856815, testId=97744095
  试卷 #38: 本轮 5 题，新增 5 题，累计 188 题
  试卷 #39: paperId=67856817, testId=97744101
  试卷 #39: 本轮 5 题，新增 4 题，累计 192 题
  试卷 #40: paperId=67856820, testId=97744105
  试卷 #40: 本轮 5 题，新增 5 题，累计 197 题
  试卷 #41: paperId=67856822, testId=97744108
  试卷 #41: 本轮 5 题，新增 4 题，累计 201 题
  试卷 #42: paperId=67856824, testId=97744111
  试卷 #42: 本轮 5 题，新增 4 题，累计 205 题
  试卷 #43: paperId=67856826, testId=97744115
  试卷 #43: 本轮 5 题，新增 5 题，累计 210 题
  试卷 #44: paperId=67856827, testId=97744118
  试卷 #44: 本轮 5 题，新增 4 题，累计 214 题
  试卷 #45: paperId=67856828, testId=97744120
  试卷 #45: 本轮 5 题，新增 5 题，累计 219 题
  试卷 #46: paperId=67856830, testId=97744123
  试卷 #46: 本轮 5 题，新增 4 题，累计 223 题
  试卷 #47: paperId=67856833, testId=97744128
  试卷 #47: 本轮 5 题，新增 5 题，累计 228 题
  试卷 #48: paperId=67856834, testId=97744130
  试卷 #48: 本轮 5 题，新增 4 题，累计 232 题
  试卷 #49: paperId=67856835, testId=97744132
  试卷 #49: 本轮 5 题，新增 2 题，累计 234 题
  试卷 #50: paperId=67856836, testId=97744134
  试卷 #50: 本轮 5 题，新增 5 题，累计 239 题
  试卷 #51: paperId=67856838, testId=97744138
  试卷 #51: 本轮 5 题，新增 5 题，累计 244 题
  试卷 #52: paperId=67856839, testId=97744140
  试卷 #52: 本轮 2 题，新增 2 题，累计 246 题
  ❌ 创建试卷失败: {'success': False, 'code': 503020005, 'msg': '题目数量为0，无法智能组卷', 'data': None}
  试卷 #53: 本轮 0 题，新增 0 题，累计 246 题
  ❌ 创建试卷失败: {'success': False, 'code': 503020005, 'msg': '题目数量为0，无法智能组卷', 'data': None}
  试卷 #54: 本轮 0 题，新增 0 题，累计 246 题
  ❌ 创建试卷失败: {'success': False, 'code': 503020005, 'msg': '题目数量为0，无法智能组卷', 'data': None}
  试卷 #55: 本轮 0 题，新增 0 题，累计 246 题
  ❌ 创建试卷失败: {'success': False, 'code': 503020005, 'msg': '题目数量为0，无法智能组卷', 'data': None}
  试卷 #56: 本轮 0 题，新增 0 题，累计 246 题
  ❌ 创建试卷失败: {'success': False, 'code': 503020005, 'msg': '题目数量为0，无法智能组卷', 'data': None}
  试卷 #57: 本轮 0 题，新增 0 题，累计 246 题
  ❌ 创建试卷失败: {'success': False, 'code': 503020005, 'msg': '题目数量为0，无法智能组卷', 'data': None}
  试卷 #58: 本轮 0 题，新增 0 题，累计 246 题
  ❌ 创建试卷失败: {'success': False, 'code': 503020005, 'msg': '题目数量为0，无法智能组卷', 'data': None}
  试卷 #59: 本轮 0 题，新增 0 题，累计 246 题
  ❌ 创建试卷失败: {'success': False, 'code': 503020005, 'msg': '题目数量为0，无法智能组卷', 'data': None}
  试卷 #60: 本轮 0 题，新增 0 题，累计 246 题
  ⚠️ 连续 8 轮无新题，题库可能已耗尽，停止

✅ Redis: 共 246 题（去重后）
💾 保存: D:\Workspace\Project\cs-interview\nowcoder_data\21048_Redis.json
📄 生成: Redis (246 题)...
  ✅ Redis.md (183157 字符)
📄 生成: Spring (212 题)...
  ✅ Spring.md (179855 字符)
📄 生成: Java (399 题)...
  ✅ Java.md (395121 字符)

✅ 全部完成！文件保存在 D:\Workspace\Project\cs-interview\nowcoder_data\output/

============================================================
✅ 全部完成！共 857 题，3 个标签
📁 JSON: D:\Workspace\Project\cs-interview\nowcoder_data
📁 Markdown: D:\Workspace\Project\cs-interview\nowcoder_data\output
============================================================
